Archive member included to satisfy reference by file (symbol)

c:/program files (x86)/atmel/studio/7.0/toolchain/avr8/avr8-gnu-toolchain/bin/../lib/gcc/avr/5.4.0/../../../../avr/lib/avr5\libm.a(divsf3.o)
                              MCAL/TIMER/timer0.o (__divsf3)
c:/program files (x86)/atmel/studio/7.0/toolchain/avr8/avr8-gnu-toolchain/bin/../lib/gcc/avr/5.4.0/../../../../avr/lib/avr5\libm.a(divsf3x.o)
                              c:/program files (x86)/atmel/studio/7.0/toolchain/avr8/avr8-gnu-toolchain/bin/../lib/gcc/avr/5.4.0/../../../../avr/lib/avr5\libm.a(divsf3.o) (__divsf3x)
c:/program files (x86)/atmel/studio/7.0/toolchain/avr8/avr8-gnu-toolchain/bin/../lib/gcc/avr/5.4.0/../../../../avr/lib/avr5\libm.a(fixsfsi.o)
                              MCAL/TIMER/timer0.o (__fixsfsi)
c:/program files (x86)/atmel/studio/7.0/toolchain/avr8/avr8-gnu-toolchain/bin/../lib/gcc/avr/5.4.0/../../../../avr/lib/avr5\libm.a(fixunssfsi.o)
                              MCAL/TIMER/timer0.o (__fixunssfsi)
c:/program files (x86)/atmel/studio/7.0/toolchain/avr8/avr8-gnu-toolchain/bin/../lib/gcc/avr/5.4.0/../../../../avr/lib/avr5\libm.a(floatsisf.o)
                              MCAL/TIMER/timer0.o (__floatsisf)
c:/program files (x86)/atmel/studio/7.0/toolchain/avr8/avr8-gnu-toolchain/bin/../lib/gcc/avr/5.4.0/../../../../avr/lib/avr5\libm.a(fp_inf.o)
                              c:/program files (x86)/atmel/studio/7.0/toolchain/avr8/avr8-gnu-toolchain/bin/../lib/gcc/avr/5.4.0/../../../../avr/lib/avr5\libm.a(divsf3x.o) (__fp_inf)
c:/program files (x86)/atmel/studio/7.0/toolchain/avr8/avr8-gnu-toolchain/bin/../lib/gcc/avr/5.4.0/../../../../avr/lib/avr5\libm.a(fp_nan.o)
                              c:/program files (x86)/atmel/studio/7.0/toolchain/avr8/avr8-gnu-toolchain/bin/../lib/gcc/avr/5.4.0/../../../../avr/lib/avr5\libm.a(divsf3x.o) (__fp_nan)
c:/program files (x86)/atmel/studio/7.0/toolchain/avr8/avr8-gnu-toolchain/bin/../lib/gcc/avr/5.4.0/../../../../avr/lib/avr5\libm.a(fp_pscA.o)
                              c:/program files (x86)/atmel/studio/7.0/toolchain/avr8/avr8-gnu-toolchain/bin/../lib/gcc/avr/5.4.0/../../../../avr/lib/avr5\libm.a(divsf3x.o) (__fp_pscA)
c:/program files (x86)/atmel/studio/7.0/toolchain/avr8/avr8-gnu-toolchain/bin/../lib/gcc/avr/5.4.0/../../../../avr/lib/avr5\libm.a(fp_pscB.o)
                              c:/program files (x86)/atmel/studio/7.0/toolchain/avr8/avr8-gnu-toolchain/bin/../lib/gcc/avr/5.4.0/../../../../avr/lib/avr5\libm.a(divsf3x.o) (__fp_pscB)
c:/program files (x86)/atmel/studio/7.0/toolchain/avr8/avr8-gnu-toolchain/bin/../lib/gcc/avr/5.4.0/../../../../avr/lib/avr5\libm.a(fp_round.o)
                              c:/program files (x86)/atmel/studio/7.0/toolchain/avr8/avr8-gnu-toolchain/bin/../lib/gcc/avr/5.4.0/../../../../avr/lib/avr5\libm.a(divsf3.o) (__fp_round)
c:/program files (x86)/atmel/studio/7.0/toolchain/avr8/avr8-gnu-toolchain/bin/../lib/gcc/avr/5.4.0/../../../../avr/lib/avr5\libm.a(fp_split3.o)
                              c:/program files (x86)/atmel/studio/7.0/toolchain/avr8/avr8-gnu-toolchain/bin/../lib/gcc/avr/5.4.0/../../../../avr/lib/avr5\libm.a(divsf3x.o) (__fp_split3)
c:/program files (x86)/atmel/studio/7.0/toolchain/avr8/avr8-gnu-toolchain/bin/../lib/gcc/avr/5.4.0/../../../../avr/lib/avr5\libm.a(fp_zero.o)
                              c:/program files (x86)/atmel/studio/7.0/toolchain/avr8/avr8-gnu-toolchain/bin/../lib/gcc/avr/5.4.0/../../../../avr/lib/avr5\libm.a(fixunssfsi.o) (__fp_zero)
c:/program files (x86)/atmel/studio/7.0/toolchain/avr8/avr8-gnu-toolchain/bin/../lib/gcc/avr/5.4.0/avr5\libgcc.a(_exit.o)
                              C:/Program Files (x86)/Atmel/Studio/7.0/Packs/atmel/ATmega_DFP/1.7.374/gcc/dev/atmega32/avr5/crtatmega32.o (exit)
c:/program files (x86)/atmel/studio/7.0/toolchain/avr8/avr8-gnu-toolchain/bin/../lib/gcc/avr/5.4.0/avr5\libgcc.a(_copy_data.o)
                              APP/app.o (__do_copy_data)
c:/program files (x86)/atmel/studio/7.0/toolchain/avr8/avr8-gnu-toolchain/bin/../lib/gcc/avr/5.4.0/avr5\libgcc.a(_clear_bss.o)
                              APP/app.o (__do_clear_bss)

Allocating common symbols
Common symbol       size              file

cars_mode           0x1               ECUAL/TRAFFIC/traffic.o
ret                 0x1               ECUAL/TRAFFIC/traffic.o
reset_flag          0x1               ECUAL/TRAFFIC/traffic.o

Discarded input sections

 .data          0x00000000        0x0 C:/Program Files (x86)/Atmel/Studio/7.0/Packs/atmel/ATmega_DFP/1.7.374/gcc/dev/atmega32/avr5/crtatmega32.o
 .bss           0x00000000        0x0 C:/Program Files (x86)/Atmel/Studio/7.0/Packs/atmel/ATmega_DFP/1.7.374/gcc/dev/atmega32/avr5/crtatmega32.o
 .text          0x00000000        0x0 APP/app.o
 .data          0x00000000        0x0 APP/app.o
 .bss           0x00000000        0x0 APP/app.o
 .text          0x00000000        0x0 ECUAL/BUTTON/button.o
 .data          0x00000000        0x0 ECUAL/BUTTON/button.o
 .bss           0x00000000        0x0 ECUAL/BUTTON/button.o
 .text.button_init
                0x00000000       0x10 ECUAL/BUTTON/button.o
 .text.button_read_state
                0x00000000       0x6a ECUAL/BUTTON/button.o
 .debug_info    0x00000000      0x20d ECUAL/BUTTON/button.o
 .debug_abbrev  0x00000000      0x12c ECUAL/BUTTON/button.o
 .debug_loc     0x00000000      0x1b8 ECUAL/BUTTON/button.o
 .debug_aranges
                0x00000000       0x28 ECUAL/BUTTON/button.o
 .debug_ranges  0x00000000       0x18 ECUAL/BUTTON/button.o
 .debug_line    0x00000000       0xf6 ECUAL/BUTTON/button.o
 .debug_str     0x00000000      0x23f ECUAL/BUTTON/button.o
 .comment       0x00000000       0x31 ECUAL/BUTTON/button.o
 .debug_frame   0x00000000       0x58 ECUAL/BUTTON/button.o
 .text          0x00000000        0x0 ECUAL/LED/led.o
 .data          0x00000000        0x0 ECUAL/LED/led.o
 .bss           0x00000000        0x0 ECUAL/LED/led.o
 .text          0x00000000        0x0 ECUAL/TRAFFIC/traffic.o
 .data          0x00000000        0x0 ECUAL/TRAFFIC/traffic.o
 .bss           0x00000000        0x0 ECUAL/TRAFFIC/traffic.o
 .text.PedsGreenDisable
                0x00000000        0xe ECUAL/TRAFFIC/traffic.o
 .text          0x00000000        0x0 main.o
 .data          0x00000000        0x0 main.o
 .bss           0x00000000        0x0 main.o
 .text          0x00000000        0x0 MCAL/EXT_INT/ext_int.o
 .data          0x00000000        0x0 MCAL/EXT_INT/ext_int.o
 .bss           0x00000000        0x0 MCAL/EXT_INT/ext_int.o
 .text.EXT_INT_disble
                0x00000000       0x22 MCAL/EXT_INT/ext_int.o
 .text          0x00000000        0x0 MCAL/GPIO/hal_gpio.o
 .data          0x00000000        0x0 MCAL/GPIO/hal_gpio.o
 .bss           0x00000000        0x0 MCAL/GPIO/hal_gpio.o
 .text.GPIO_PORT_SET_DIRECTION
                0x00000000       0x3a MCAL/GPIO/hal_gpio.o
 .text.GPIO_PORT_WRITE_LOGIC
                0x00000000       0x3a MCAL/GPIO/hal_gpio.o
 .text.GPIO_PORT_READ_LOGIC
                0x00000000       0x54 MCAL/GPIO/hal_gpio.o
 .text.GPIO_PORT_TOGGLE
                0x00000000       0x4a MCAL/GPIO/hal_gpio.o
 .text          0x00000000        0x0 MCAL/TIMER/timer0.o
 .data          0x00000000        0x0 MCAL/TIMER/timer0.o
 .bss           0x00000000        0x0 MCAL/TIMER/timer0.o
 .text.TIMER0_stop
                0x00000000        0x4 MCAL/TIMER/timer0.o
 .text          0x00000000        0x0 c:/program files (x86)/atmel/studio/7.0/toolchain/avr8/avr8-gnu-toolchain/bin/../lib/gcc/avr/5.4.0/../../../../avr/lib/avr5\libm.a(divsf3.o)
 .data          0x00000000        0x0 c:/program files (x86)/atmel/studio/7.0/toolchain/avr8/avr8-gnu-toolchain/bin/../lib/gcc/avr/5.4.0/../../../../avr/lib/avr5\libm.a(divsf3.o)
 .bss           0x00000000        0x0 c:/program files (x86)/atmel/studio/7.0/toolchain/avr8/avr8-gnu-toolchain/bin/../lib/gcc/avr/5.4.0/../../../../avr/lib/avr5\libm.a(divsf3.o)
 .text          0x00000000        0x0 c:/program files (x86)/atmel/studio/7.0/toolchain/avr8/avr8-gnu-toolchain/bin/../lib/gcc/avr/5.4.0/../../../../avr/lib/avr5\libm.a(divsf3x.o)
 .data          0x00000000        0x0 c:/program files (x86)/atmel/studio/7.0/toolchain/avr8/avr8-gnu-toolchain/bin/../lib/gcc/avr/5.4.0/../../../../avr/lib/avr5\libm.a(divsf3x.o)
 .bss           0x00000000        0x0 c:/program files (x86)/atmel/studio/7.0/toolchain/avr8/avr8-gnu-toolchain/bin/../lib/gcc/avr/5.4.0/../../../../avr/lib/avr5\libm.a(divsf3x.o)
 .text          0x00000000        0x0 c:/program files (x86)/atmel/studio/7.0/toolchain/avr8/avr8-gnu-toolchain/bin/../lib/gcc/avr/5.4.0/../../../../avr/lib/avr5\libm.a(fixsfsi.o)
 .data          0x00000000        0x0 c:/program files (x86)/atmel/studio/7.0/toolchain/avr8/avr8-gnu-toolchain/bin/../lib/gcc/avr/5.4.0/../../../../avr/lib/avr5\libm.a(fixsfsi.o)
 .bss           0x00000000        0x0 c:/program files (x86)/atmel/studio/7.0/toolchain/avr8/avr8-gnu-toolchain/bin/../lib/gcc/avr/5.4.0/../../../../avr/lib/avr5\libm.a(fixsfsi.o)
 .text          0x00000000        0x0 c:/program files (x86)/atmel/studio/7.0/toolchain/avr8/avr8-gnu-toolchain/bin/../lib/gcc/avr/5.4.0/../../../../avr/lib/avr5\libm.a(fixunssfsi.o)
 .data          0x00000000        0x0 c:/program files (x86)/atmel/studio/7.0/toolchain/avr8/avr8-gnu-toolchain/bin/../lib/gcc/avr/5.4.0/../../../../avr/lib/avr5\libm.a(fixunssfsi.o)
 .bss           0x00000000        0x0 c:/program files (x86)/atmel/studio/7.0/toolchain/avr8/avr8-gnu-toolchain/bin/../lib/gcc/avr/5.4.0/../../../../avr/lib/avr5\libm.a(fixunssfsi.o)
 .text          0x00000000        0x0 c:/program files (x86)/atmel/studio/7.0/toolchain/avr8/avr8-gnu-toolchain/bin/../lib/gcc/avr/5.4.0/../../../../avr/lib/avr5\libm.a(floatsisf.o)
 .data          0x00000000        0x0 c:/program files (x86)/atmel/studio/7.0/toolchain/avr8/avr8-gnu-toolchain/bin/../lib/gcc/avr/5.4.0/../../../../avr/lib/avr5\libm.a(floatsisf.o)
 .bss           0x00000000        0x0 c:/program files (x86)/atmel/studio/7.0/toolchain/avr8/avr8-gnu-toolchain/bin/../lib/gcc/avr/5.4.0/../../../../avr/lib/avr5\libm.a(floatsisf.o)
 .text          0x00000000        0x0 c:/program files (x86)/atmel/studio/7.0/toolchain/avr8/avr8-gnu-toolchain/bin/../lib/gcc/avr/5.4.0/../../../../avr/lib/avr5\libm.a(fp_inf.o)
 .data          0x00000000        0x0 c:/program files (x86)/atmel/studio/7.0/toolchain/avr8/avr8-gnu-toolchain/bin/../lib/gcc/avr/5.4.0/../../../../avr/lib/avr5\libm.a(fp_inf.o)
 .bss           0x00000000        0x0 c:/program files (x86)/atmel/studio/7.0/toolchain/avr8/avr8-gnu-toolchain/bin/../lib/gcc/avr/5.4.0/../../../../avr/lib/avr5\libm.a(fp_inf.o)
 .text          0x00000000        0x0 c:/program files (x86)/atmel/studio/7.0/toolchain/avr8/avr8-gnu-toolchain/bin/../lib/gcc/avr/5.4.0/../../../../avr/lib/avr5\libm.a(fp_nan.o)
 .data          0x00000000        0x0 c:/program files (x86)/atmel/studio/7.0/toolchain/avr8/avr8-gnu-toolchain/bin/../lib/gcc/avr/5.4.0/../../../../avr/lib/avr5\libm.a(fp_nan.o)
 .bss           0x00000000        0x0 c:/program files (x86)/atmel/studio/7.0/toolchain/avr8/avr8-gnu-toolchain/bin/../lib/gcc/avr/5.4.0/../../../../avr/lib/avr5\libm.a(fp_nan.o)
 .text          0x00000000        0x0 c:/program files (x86)/atmel/studio/7.0/toolchain/avr8/avr8-gnu-toolchain/bin/../lib/gcc/avr/5.4.0/../../../../avr/lib/avr5\libm.a(fp_pscA.o)
 .data          0x00000000        0x0 c:/program files (x86)/atmel/studio/7.0/toolchain/avr8/avr8-gnu-toolchain/bin/../lib/gcc/avr/5.4.0/../../../../avr/lib/avr5\libm.a(fp_pscA.o)
 .bss           0x00000000        0x0 c:/program files (x86)/atmel/studio/7.0/toolchain/avr8/avr8-gnu-toolchain/bin/../lib/gcc/avr/5.4.0/../../../../avr/lib/avr5\libm.a(fp_pscA.o)
 .text          0x00000000        0x0 c:/program files (x86)/atmel/studio/7.0/toolchain/avr8/avr8-gnu-toolchain/bin/../lib/gcc/avr/5.4.0/../../../../avr/lib/avr5\libm.a(fp_pscB.o)
 .data          0x00000000        0x0 c:/program files (x86)/atmel/studio/7.0/toolchain/avr8/avr8-gnu-toolchain/bin/../lib/gcc/avr/5.4.0/../../../../avr/lib/avr5\libm.a(fp_pscB.o)
 .bss           0x00000000        0x0 c:/program files (x86)/atmel/studio/7.0/toolchain/avr8/avr8-gnu-toolchain/bin/../lib/gcc/avr/5.4.0/../../../../avr/lib/avr5\libm.a(fp_pscB.o)
 .text          0x00000000        0x0 c:/program files (x86)/atmel/studio/7.0/toolchain/avr8/avr8-gnu-toolchain/bin/../lib/gcc/avr/5.4.0/../../../../avr/lib/avr5\libm.a(fp_round.o)
 .data          0x00000000        0x0 c:/program files (x86)/atmel/studio/7.0/toolchain/avr8/avr8-gnu-toolchain/bin/../lib/gcc/avr/5.4.0/../../../../avr/lib/avr5\libm.a(fp_round.o)
 .bss           0x00000000        0x0 c:/program files (x86)/atmel/studio/7.0/toolchain/avr8/avr8-gnu-toolchain/bin/../lib/gcc/avr/5.4.0/../../../../avr/lib/avr5\libm.a(fp_round.o)
 .text          0x00000000        0x0 c:/program files (x86)/atmel/studio/7.0/toolchain/avr8/avr8-gnu-toolchain/bin/../lib/gcc/avr/5.4.0/../../../../avr/lib/avr5\libm.a(fp_split3.o)
 .data          0x00000000        0x0 c:/program files (x86)/atmel/studio/7.0/toolchain/avr8/avr8-gnu-toolchain/bin/../lib/gcc/avr/5.4.0/../../../../avr/lib/avr5\libm.a(fp_split3.o)
 .bss           0x00000000        0x0 c:/program files (x86)/atmel/studio/7.0/toolchain/avr8/avr8-gnu-toolchain/bin/../lib/gcc/avr/5.4.0/../../../../avr/lib/avr5\libm.a(fp_split3.o)
 .text          0x00000000        0x0 c:/program files (x86)/atmel/studio/7.0/toolchain/avr8/avr8-gnu-toolchain/bin/../lib/gcc/avr/5.4.0/../../../../avr/lib/avr5\libm.a(fp_zero.o)
 .data          0x00000000        0x0 c:/program files (x86)/atmel/studio/7.0/toolchain/avr8/avr8-gnu-toolchain/bin/../lib/gcc/avr/5.4.0/../../../../avr/lib/avr5\libm.a(fp_zero.o)
 .bss           0x00000000        0x0 c:/program files (x86)/atmel/studio/7.0/toolchain/avr8/avr8-gnu-toolchain/bin/../lib/gcc/avr/5.4.0/../../../../avr/lib/avr5\libm.a(fp_zero.o)
 .text          0x00000000        0x0 c:/program files (x86)/atmel/studio/7.0/toolchain/avr8/avr8-gnu-toolchain/bin/../lib/gcc/avr/5.4.0/avr5\libgcc.a(_exit.o)
 .data          0x00000000        0x0 c:/program files (x86)/atmel/studio/7.0/toolchain/avr8/avr8-gnu-toolchain/bin/../lib/gcc/avr/5.4.0/avr5\libgcc.a(_exit.o)
 .bss           0x00000000        0x0 c:/program files (x86)/atmel/studio/7.0/toolchain/avr8/avr8-gnu-toolchain/bin/../lib/gcc/avr/5.4.0/avr5\libgcc.a(_exit.o)
 .text.libgcc.mul
                0x00000000        0x0 c:/program files (x86)/atmel/studio/7.0/toolchain/avr8/avr8-gnu-toolchain/bin/../lib/gcc/avr/5.4.0/avr5\libgcc.a(_exit.o)
 .text.libgcc.div
                0x00000000        0x0 c:/program files (x86)/atmel/studio/7.0/toolchain/avr8/avr8-gnu-toolchain/bin/../lib/gcc/avr/5.4.0/avr5\libgcc.a(_exit.o)
 .text.libgcc   0x00000000        0x0 c:/program files (x86)/atmel/studio/7.0/toolchain/avr8/avr8-gnu-toolchain/bin/../lib/gcc/avr/5.4.0/avr5\libgcc.a(_exit.o)
 .text.libgcc.prologue
                0x00000000        0x0 c:/program files (x86)/atmel/studio/7.0/toolchain/avr8/avr8-gnu-toolchain/bin/../lib/gcc/avr/5.4.0/avr5\libgcc.a(_exit.o)
 .text.libgcc.builtins
                0x00000000        0x0 c:/program files (x86)/atmel/studio/7.0/toolchain/avr8/avr8-gnu-toolchain/bin/../lib/gcc/avr/5.4.0/avr5\libgcc.a(_exit.o)
 .text.libgcc.fmul
                0x00000000        0x0 c:/program files (x86)/atmel/studio/7.0/toolchain/avr8/avr8-gnu-toolchain/bin/../lib/gcc/avr/5.4.0/avr5\libgcc.a(_exit.o)
 .text.libgcc.fixed
                0x00000000        0x0 c:/program files (x86)/atmel/studio/7.0/toolchain/avr8/avr8-gnu-toolchain/bin/../lib/gcc/avr/5.4.0/avr5\libgcc.a(_exit.o)
 .text          0x00000000        0x0 c:/program files (x86)/atmel/studio/7.0/toolchain/avr8/avr8-gnu-toolchain/bin/../lib/gcc/avr/5.4.0/avr5\libgcc.a(_copy_data.o)
 .data          0x00000000        0x0 c:/program files (x86)/atmel/studio/7.0/toolchain/avr8/avr8-gnu-toolchain/bin/../lib/gcc/avr/5.4.0/avr5\libgcc.a(_copy_data.o)
 .bss           0x00000000        0x0 c:/program files (x86)/atmel/studio/7.0/toolchain/avr8/avr8-gnu-toolchain/bin/../lib/gcc/avr/5.4.0/avr5\libgcc.a(_copy_data.o)
 .text.libgcc.mul
                0x00000000        0x0 c:/program files (x86)/atmel/studio/7.0/toolchain/avr8/avr8-gnu-toolchain/bin/../lib/gcc/avr/5.4.0/avr5\libgcc.a(_copy_data.o)
 .text.libgcc.div
                0x00000000        0x0 c:/program files (x86)/atmel/studio/7.0/toolchain/avr8/avr8-gnu-toolchain/bin/../lib/gcc/avr/5.4.0/avr5\libgcc.a(_copy_data.o)
 .text.libgcc   0x00000000        0x0 c:/program files (x86)/atmel/studio/7.0/toolchain/avr8/avr8-gnu-toolchain/bin/../lib/gcc/avr/5.4.0/avr5\libgcc.a(_copy_data.o)
 .text.libgcc.prologue
                0x00000000        0x0 c:/program files (x86)/atmel/studio/7.0/toolchain/avr8/avr8-gnu-toolchain/bin/../lib/gcc/avr/5.4.0/avr5\libgcc.a(_copy_data.o)
 .text.libgcc.builtins
                0x00000000        0x0 c:/program files (x86)/atmel/studio/7.0/toolchain/avr8/avr8-gnu-toolchain/bin/../lib/gcc/avr/5.4.0/avr5\libgcc.a(_copy_data.o)
 .text.libgcc.fmul
                0x00000000        0x0 c:/program files (x86)/atmel/studio/7.0/toolchain/avr8/avr8-gnu-toolchain/bin/../lib/gcc/avr/5.4.0/avr5\libgcc.a(_copy_data.o)
 .text.libgcc.fixed
                0x00000000        0x0 c:/program files (x86)/atmel/studio/7.0/toolchain/avr8/avr8-gnu-toolchain/bin/../lib/gcc/avr/5.4.0/avr5\libgcc.a(_copy_data.o)
 .text          0x00000000        0x0 c:/program files (x86)/atmel/studio/7.0/toolchain/avr8/avr8-gnu-toolchain/bin/../lib/gcc/avr/5.4.0/avr5\libgcc.a(_clear_bss.o)
 .data          0x00000000        0x0 c:/program files (x86)/atmel/studio/7.0/toolchain/avr8/avr8-gnu-toolchain/bin/../lib/gcc/avr/5.4.0/avr5\libgcc.a(_clear_bss.o)
 .bss           0x00000000        0x0 c:/program files (x86)/atmel/studio/7.0/toolchain/avr8/avr8-gnu-toolchain/bin/../lib/gcc/avr/5.4.0/avr5\libgcc.a(_clear_bss.o)
 .text.libgcc.mul
                0x00000000        0x0 c:/program files (x86)/atmel/studio/7.0/toolchain/avr8/avr8-gnu-toolchain/bin/../lib/gcc/avr/5.4.0/avr5\libgcc.a(_clear_bss.o)
 .text.libgcc.div
                0x00000000        0x0 c:/program files (x86)/atmel/studio/7.0/toolchain/avr8/avr8-gnu-toolchain/bin/../lib/gcc/avr/5.4.0/avr5\libgcc.a(_clear_bss.o)
 .text.libgcc   0x00000000        0x0 c:/program files (x86)/atmel/studio/7.0/toolchain/avr8/avr8-gnu-toolchain/bin/../lib/gcc/avr/5.4.0/avr5\libgcc.a(_clear_bss.o)
 .text.libgcc.prologue
                0x00000000        0x0 c:/program files (x86)/atmel/studio/7.0/toolchain/avr8/avr8-gnu-toolchain/bin/../lib/gcc/avr/5.4.0/avr5\libgcc.a(_clear_bss.o)
 .text.libgcc.builtins
                0x00000000        0x0 c:/program files (x86)/atmel/studio/7.0/toolchain/avr8/avr8-gnu-toolchain/bin/../lib/gcc/avr/5.4.0/avr5\libgcc.a(_clear_bss.o)
 .text.libgcc.fmul
                0x00000000        0x0 c:/program files (x86)/atmel/studio/7.0/toolchain/avr8/avr8-gnu-toolchain/bin/../lib/gcc/avr/5.4.0/avr5\libgcc.a(_clear_bss.o)
 .text.libgcc.fixed
                0x00000000        0x0 c:/program files (x86)/atmel/studio/7.0/toolchain/avr8/avr8-gnu-toolchain/bin/../lib/gcc/avr/5.4.0/avr5\libgcc.a(_clear_bss.o)

Memory Configuration

Name             Origin             Length             Attributes
text             0x00000000         0x00008000         xr
data             0x00800060         0x00000800         rw !x
eeprom           0x00810000         0x00000400         rw !x
fuse             0x00820000         0x00000002         rw !x
lock             0x00830000         0x00000400         rw !x
signature        0x00840000         0x00000400         rw !x
user_signatures  0x00850000         0x00000400         rw !x
*default*        0x00000000         0xffffffff

Linker script and memory map

LOAD C:/Program Files (x86)/Atmel/Studio/7.0/Packs/atmel/ATmega_DFP/1.7.374/gcc/dev/atmega32/avr5/crtatmega32.o
LOAD APP/app.o
LOAD ECUAL/BUTTON/button.o
LOAD ECUAL/LED/led.o
LOAD ECUAL/TRAFFIC/traffic.o
LOAD main.o
LOAD MCAL/EXT_INT/ext_int.o
LOAD MCAL/GPIO/hal_gpio.o
LOAD MCAL/TIMER/timer0.o
START GROUP
LOAD c:/program files (x86)/atmel/studio/7.0/toolchain/avr8/avr8-gnu-toolchain/bin/../lib/gcc/avr/5.4.0/../../../../avr/lib/avr5\libm.a
END GROUP
START GROUP
LOAD c:/program files (x86)/atmel/studio/7.0/toolchain/avr8/avr8-gnu-toolchain/bin/../lib/gcc/avr/5.4.0/avr5\libgcc.a
LOAD c:/program files (x86)/atmel/studio/7.0/toolchain/avr8/avr8-gnu-toolchain/bin/../lib/gcc/avr/5.4.0/../../../../avr/lib/avr5\libm.a
LOAD c:/program files (x86)/atmel/studio/7.0/toolchain/avr8/avr8-gnu-toolchain/bin/../lib/gcc/avr/5.4.0/../../../../avr/lib/avr5\libc.a
LOAD C:/Program Files (x86)/Atmel/Studio/7.0/Packs/atmel/ATmega_DFP/1.7.374/gcc/dev/atmega32/avr5\libatmega32.a
END GROUP
                0x00000000                __TEXT_REGION_ORIGIN__ = DEFINED (__TEXT_REGION_ORIGIN__)?__TEXT_REGION_ORIGIN__:0x0
                [0x00800060]                __DATA_REGION_ORIGIN__ = DEFINED (__DATA_REGION_ORIGIN__)?__DATA_REGION_ORIGIN__:0x800060
                [0x00008000]                __TEXT_REGION_LENGTH__ = DEFINED (__TEXT_REGION_LENGTH__)?__TEXT_REGION_LENGTH__:0x20000
                [0x00000800]                __DATA_REGION_LENGTH__ = DEFINED (__DATA_REGION_LENGTH__)?__DATA_REGION_LENGTH__:0xffa0
                [0x00000400]                __EEPROM_REGION_LENGTH__ = DEFINED (__EEPROM_REGION_LENGTH__)?__EEPROM_REGION_LENGTH__:0x10000
                [0x00000002]                __FUSE_REGION_LENGTH__ = DEFINED (__FUSE_REGION_LENGTH__)?__FUSE_REGION_LENGTH__:0x400
                0x00000400                __LOCK_REGION_LENGTH__ = DEFINED (__LOCK_REGION_LENGTH__)?__LOCK_REGION_LENGTH__:0x400
                0x00000400                __SIGNATURE_REGION_LENGTH__ = DEFINED (__SIGNATURE_REGION_LENGTH__)?__SIGNATURE_REGION_LENGTH__:0x400
                0x00000400                __USER_SIGNATURE_REGION_LENGTH__ = DEFINED (__USER_SIGNATURE_REGION_LENGTH__)?__USER_SIGNATURE_REGION_LENGTH__:0x400

.hash
 *(.hash)

.dynsym
 *(.dynsym)

.dynstr
 *(.dynstr)

.gnu.version
 *(.gnu.version)

.gnu.version_d
 *(.gnu.version_d)

.gnu.version_r
 *(.gnu.version_r)

.rel.init
 *(.rel.init)

.rela.init
 *(.rela.init)

.rel.text
 *(.rel.text)
 *(.rel.text.*)
 *(.rel.gnu.linkonce.t*)

.rela.text
 *(.rela.text)
 *(.rela.text.*)
 *(.rela.gnu.linkonce.t*)

.rel.fini
 *(.rel.fini)

.rela.fini
 *(.rela.fini)

.rel.rodata
 *(.rel.rodata)
 *(.rel.rodata.*)
 *(.rel.gnu.linkonce.r*)

.rela.rodata
 *(.rela.rodata)
 *(.rela.rodata.*)
 *(.rela.gnu.linkonce.r*)

.rel.data
 *(.rel.data)
 *(.rel.data.*)
 *(.rel.gnu.linkonce.d*)

.rela.data
 *(.rela.data)
 *(.rela.data.*)
 *(.rela.gnu.linkonce.d*)

.rel.ctors
 *(.rel.ctors)

.rela.ctors
 *(.rela.ctors)

.rel.dtors
 *(.rel.dtors)

.rela.dtors
 *(.rela.dtors)

.rel.got
 *(.rel.got)

.rela.got
 *(.rela.got)

.rel.bss
 *(.rel.bss)

.rela.bss
 *(.rela.bss)

.rel.plt
 *(.rel.plt)

.rela.plt
 *(.rela.plt)

.text           0x00000000      0xc6e
 *(.vectors)
 .vectors       0x00000000       0x54 C:/Program Files (x86)/Atmel/Studio/7.0/Packs/atmel/ATmega_DFP/1.7.374/gcc/dev/atmega32/avr5/crtatmega32.o
                0x00000000                __vector_default
                0x00000000                __vectors
 *(.vectors)
 *(.progmem.gcc*)
                0x00000054                . = ALIGN (0x2)
                0x00000054                __trampolines_start = .
 *(.trampolines)
 .trampolines   0x00000054        0x0 linker stubs
 *(.trampolines*)
                0x00000054                __trampolines_end = .
 *libprintf_flt.a:*(.progmem.data)
 *libc.a:*(.progmem.data)
 *(.progmem*)
                0x00000054                . = ALIGN (0x2)
 *(.jumptables)
 *(.jumptables*)
 *(.lowtext)
 *(.lowtext*)
                0x00000054                __ctors_start = .
 *(.ctors)
                0x00000054                __ctors_end = .
                0x00000054                __dtors_start = .
 *(.dtors)
                0x00000054                __dtors_end = .
 SORT(*)(.ctors)
 SORT(*)(.dtors)
 *(.init0)
 .init0         0x00000054        0x0 C:/Program Files (x86)/Atmel/Studio/7.0/Packs/atmel/ATmega_DFP/1.7.374/gcc/dev/atmega32/avr5/crtatmega32.o
                0x00000054                __init
 *(.init0)
 *(.init1)
 *(.init1)
 *(.init2)
 .init2         0x00000054        0xc C:/Program Files (x86)/Atmel/Studio/7.0/Packs/atmel/ATmega_DFP/1.7.374/gcc/dev/atmega32/avr5/crtatmega32.o
 *(.init2)
 *(.init3)
 *(.init3)
 *(.init4)
 .init4         0x00000060       0x16 c:/program files (x86)/atmel/studio/7.0/toolchain/avr8/avr8-gnu-toolchain/bin/../lib/gcc/avr/5.4.0/avr5\libgcc.a(_copy_data.o)
                0x00000060                __do_copy_data
 .init4         0x00000076       0x10 c:/program files (x86)/atmel/studio/7.0/toolchain/avr8/avr8-gnu-toolchain/bin/../lib/gcc/avr/5.4.0/avr5\libgcc.a(_clear_bss.o)
                0x00000076                __do_clear_bss
 *(.init4)
 *(.init5)
 *(.init5)
 *(.init6)
 *(.init6)
 *(.init7)
 *(.init7)
 *(.init8)
 *(.init8)
 *(.init9)
 .init9         0x00000086        0x8 C:/Program Files (x86)/Atmel/Studio/7.0/Packs/atmel/ATmega_DFP/1.7.374/gcc/dev/atmega32/avr5/crtatmega32.o
 *(.init9)
 *(.text)
 .text          0x0000008e        0x4 C:/Program Files (x86)/Atmel/Studio/7.0/Packs/atmel/ATmega_DFP/1.7.374/gcc/dev/atmega32/avr5/crtatmega32.o
                0x0000008e                __vector_12
                0x0000008e                __bad_interrupt
                0x0000008e                __vector_6
                0x0000008e                __vector_3
                0x0000008e                __vector_11
                0x0000008e                __vector_13
                0x0000008e                __vector_17
                0x0000008e                __vector_19
                0x0000008e                __vector_7
                0x0000008e                __vector_5
                0x0000008e                __vector_4
                0x0000008e                __vector_9
                0x0000008e                __vector_2
                0x0000008e                __vector_15
                0x0000008e                __vector_8
                0x0000008e                __vector_14
                0x0000008e                __vector_10
                0x0000008e                __vector_16
                0x0000008e                __vector_18
                0x0000008e                __vector_20
                0x00000092                . = ALIGN (0x2)
 *(.text.*)
 .text.__vector_1
                0x00000092       0xd6 APP/app.o
                0x00000092                __vector_1
 .text.appInit  0x00000168        0xe APP/app.o
                0x00000168                appInit
 .text.appStart
                0x00000176        0xc APP/app.o
                0x00000176                appStart
 .text.led_init
                0x00000182       0x44 ECUAL/LED/led.o
                0x00000182                led_init
 .text.led_turn_on
                0x000001c6       0x46 ECUAL/LED/led.o
                0x000001c6                led_turn_on
 .text.led_turn_off
                0x0000020c       0x46 ECUAL/LED/led.o
                0x0000020c                led_turn_off
 .text.led_tog  0x00000252       0x44 ECUAL/LED/led.o
                0x00000252                led_tog
 .text.All_Lights_init
                0x00000296       0x4a ECUAL/TRAFFIC/traffic.o
                0x00000296                All_Lights_init
 .text.CarsGreenEnable
                0x000002e0       0x14 ECUAL/TRAFFIC/traffic.o
                0x000002e0                CarsGreenEnable
 .text.CarsGreenDisable
                0x000002f4        0xe ECUAL/TRAFFIC/traffic.o
                0x000002f4                CarsGreenDisable
 .text.PedsGreenEnable
                0x00000302        0xe ECUAL/TRAFFIC/traffic.o
                0x00000302                PedsGreenEnable
 .text.CarsRedEnable
                0x00000310       0x12 ECUAL/TRAFFIC/traffic.o
                0x00000310                CarsRedEnable
 .text.CarsRedDisable
                0x00000322        0xe ECUAL/TRAFFIC/traffic.o
                0x00000322                CarsRedDisable
 .text.PedsRedEnable
                0x00000330        0xe ECUAL/TRAFFIC/traffic.o
                0x00000330                PedsRedEnable
 .text.PedsRedDisable
                0x0000033e        0xe ECUAL/TRAFFIC/traffic.o
                0x0000033e                PedsRedDisable
 .text.TrafficLights_CurrentMode
                0x0000034c        0x6 ECUAL/TRAFFIC/traffic.o
                0x0000034c                TrafficLights_CurrentMode
 .text.TurnCarsOff
                0x00000352       0x26 ECUAL/TRAFFIC/traffic.o
                0x00000352                TurnCarsOff
 .text.Cars_Peds_Yellow_Blinking
                0x00000378       0x4c ECUAL/TRAFFIC/traffic.o
                0x00000378                Cars_Peds_Yellow_Blinking
 .text.CarsYellowBlinking
                0x000003c4       0x3c ECUAL/TRAFFIC/traffic.o
                0x000003c4                CarsYellowBlinking
 .text.LIGHTS_NormalMode
                0x00000400       0x7c ECUAL/TRAFFIC/traffic.o
                0x00000400                LIGHTS_NormalMode
 .text.TurnAllOff
                0x0000047c       0x4a ECUAL/TRAFFIC/traffic.o
                0x0000047c                TurnAllOff
 .text.ResetNormalMode
                0x000004c6        0x8 ECUAL/TRAFFIC/traffic.o
                0x000004c6                ResetNormalMode
 .text.main     0x000004ce        0xe main.o
                0x000004ce                main
 .text.EXT_INT_init
                0x000004dc       0x94 MCAL/EXT_INT/ext_int.o
                0x000004dc                EXT_INT_init
 .text.EXT_INT_enable
                0x00000570       0x32 MCAL/EXT_INT/ext_int.o
                0x00000570                EXT_INT_enable
 .text.GPIO_PIN_SET_DIRECTION
                0x000005a2      0x10a MCAL/GPIO/hal_gpio.o
                0x000005a2                GPIO_PIN_SET_DIRECTION
 .text.GPIO_PIN_WRITE_LOGIC
                0x000006ac      0x10a MCAL/GPIO/hal_gpio.o
                0x000006ac                GPIO_PIN_WRITE_LOGIC
 .text.GPIO_PIN_READ_LOGIC
                0x000007b6       0x9c MCAL/GPIO/hal_gpio.o
                0x000007b6                GPIO_PIN_READ_LOGIC
 .text.GPIO_PIN_TOGGLE
                0x00000852       0x90 MCAL/GPIO/hal_gpio.o
                0x00000852                GPIO_PIN_TOGGLE
 .text.GPIO_PIN_INIT
                0x000008e2       0x26 MCAL/GPIO/hal_gpio.o
                0x000008e2                GPIO_PIN_INIT
 .text.TIMER0_init
                0x00000908        0x6 MCAL/TIMER/timer0.o
                0x00000908                TIMER0_init
 .text.TIMER0_setPreload
                0x0000090e        0x4 MCAL/TIMER/timer0.o
                0x0000090e                TIMER0_setPreload
 .text.TIMER0_start
                0x00000912       0x48 MCAL/TIMER/timer0.o
                0x00000912                TIMER0_start
 .text.TIMER0_reset
                0x0000095a        0x8 MCAL/TIMER/timer0.o
                0x0000095a                TIMER0_reset
 .text.TIMER0_DelayInMilliSec
                0x00000962       0x9c MCAL/TIMER/timer0.o
                0x00000962                TIMER0_DelayInMilliSec
 .text.avr-libc.fplib
                0x000009fe        0x8 c:/program files (x86)/atmel/studio/7.0/toolchain/avr8/avr8-gnu-toolchain/bin/../lib/gcc/avr/5.4.0/../../../../avr/lib/avr5\libm.a(divsf3.o)
                0x000009fe                __divsf3
 .text.avr-libc.fplib
                0x00000a06       0xdc c:/program files (x86)/atmel/studio/7.0/toolchain/avr8/avr8-gnu-toolchain/bin/../lib/gcc/avr/5.4.0/../../../../avr/lib/avr5\libm.a(divsf3x.o)
                0x00000a26                __divsf3x
                0x00000a2c                __divsf3_pse
 .text.avr-libc.fplib
                0x00000ae2        0xe c:/program files (x86)/atmel/studio/7.0/toolchain/avr8/avr8-gnu-toolchain/bin/../lib/gcc/avr/5.4.0/../../../../avr/lib/avr5\libm.a(fixsfsi.o)
                0x00000ae2                __fixsfsi
 .text.avr-libc.fplib
                0x00000af0       0x5e c:/program files (x86)/atmel/studio/7.0/toolchain/avr8/avr8-gnu-toolchain/bin/../lib/gcc/avr/5.4.0/../../../../avr/lib/avr5\libm.a(fixunssfsi.o)
                0x00000af0                __fixunssfsi
 .text.avr-libc.fplib
                0x00000b4e       0x7a c:/program files (x86)/atmel/studio/7.0/toolchain/avr8/avr8-gnu-toolchain/bin/../lib/gcc/avr/5.4.0/../../../../avr/lib/avr5\libm.a(floatsisf.o)
                0x00000b4e                __floatunsisf
                0x00000b52                __floatsisf
 .text.avr-libc.fplib
                0x00000bc8        0xc c:/program files (x86)/atmel/studio/7.0/toolchain/avr8/avr8-gnu-toolchain/bin/../lib/gcc/avr/5.4.0/../../../../avr/lib/avr5\libm.a(fp_inf.o)
                0x00000bc8                __fp_inf
 .text.avr-libc.fplib
                0x00000bd4        0x6 c:/program files (x86)/atmel/studio/7.0/toolchain/avr8/avr8-gnu-toolchain/bin/../lib/gcc/avr/5.4.0/../../../../avr/lib/avr5\libm.a(fp_nan.o)
                0x00000bd4                __fp_nan
 .text.avr-libc.fplib
                0x00000bda        0xe c:/program files (x86)/atmel/studio/7.0/toolchain/avr8/avr8-gnu-toolchain/bin/../lib/gcc/avr/5.4.0/../../../../avr/lib/avr5\libm.a(fp_pscA.o)
                0x00000bda                __fp_pscA
 .text.avr-libc.fplib
                0x00000be8        0xe c:/program files (x86)/atmel/studio/7.0/toolchain/avr8/avr8-gnu-toolchain/bin/../lib/gcc/avr/5.4.0/../../../../avr/lib/avr5\libm.a(fp_pscB.o)
                0x00000be8                __fp_pscB
 .text.avr-libc.fplib
                0x00000bf6       0x22 c:/program files (x86)/atmel/studio/7.0/toolchain/avr8/avr8-gnu-toolchain/bin/../lib/gcc/avr/5.4.0/../../../../avr/lib/avr5\libm.a(fp_round.o)
                0x00000bf6                __fp_round
 .text.avr-libc.fplib
                0x00000c18       0x44 c:/program files (x86)/atmel/studio/7.0/toolchain/avr8/avr8-gnu-toolchain/bin/../lib/gcc/avr/5.4.0/../../../../avr/lib/avr5\libm.a(fp_split3.o)
                0x00000c18                __fp_split3
                0x00000c28                __fp_splitA
 .text.avr-libc.fplib
                0x00000c5c        0xe c:/program files (x86)/atmel/studio/7.0/toolchain/avr8/avr8-gnu-toolchain/bin/../lib/gcc/avr/5.4.0/../../../../avr/lib/avr5\libm.a(fp_zero.o)
                0x00000c5c                __fp_zero
                0x00000c5e                __fp_szero
                0x00000c6a                . = ALIGN (0x2)
 *(.fini9)
 .fini9         0x00000c6a        0x0 c:/program files (x86)/atmel/studio/7.0/toolchain/avr8/avr8-gnu-toolchain/bin/../lib/gcc/avr/5.4.0/avr5\libgcc.a(_exit.o)
                0x00000c6a                _exit
                0x00000c6a                exit
 *(.fini9)
 *(.fini8)
 *(.fini8)
 *(.fini7)
 *(.fini7)
 *(.fini6)
 *(.fini6)
 *(.fini5)
 *(.fini5)
 *(.fini4)
 *(.fini4)
 *(.fini3)
 *(.fini3)
 *(.fini2)
 *(.fini2)
 *(.fini1)
 *(.fini1)
 *(.fini0)
 .fini0         0x00000c6a        0x4 c:/program files (x86)/atmel/studio/7.0/toolchain/avr8/avr8-gnu-toolchain/bin/../lib/gcc/avr/5.4.0/avr5\libgcc.a(_exit.o)
 *(.fini0)
                0x00000c6e                _etext = .

.data           0x00800060        0x6 load address 0x00000c6e
                0x00800060                PROVIDE (__data_start, .)
 *(.data)
 *(.data*)
 .data.buttonPin
                0x00800060        0x1 APP/app.o
                0x00800060                buttonPin
 .data.peds_green
                0x00800061        0x1 ECUAL/TRAFFIC/traffic.o
                0x00800061                peds_green
 .data.peds_yellow
                0x00800062        0x1 ECUAL/TRAFFIC/traffic.o
                0x00800062                peds_yellow
 .data.peds_red
                0x00800063        0x1 ECUAL/TRAFFIC/traffic.o
                0x00800063                peds_red
 .data.cars_yellow
                0x00800064        0x1 ECUAL/TRAFFIC/traffic.o
                0x00800064                cars_yellow
 .data.cars_red
                0x00800065        0x1 ECUAL/TRAFFIC/traffic.o
                0x00800065                cars_red
 *(.gnu.linkonce.d*)
 *(.rodata)
 *(.rodata*)
 *(.gnu.linkonce.r*)
                0x00800066                . = ALIGN (0x2)
                0x00800066                _edata = .
                0x00800066                PROVIDE (__data_end, .)

.bss            0x00800066        0x6
                0x00800066                PROVIDE (__bss_start, .)
 *(.bss)
 *(.bss*)
 .bss.val       0x00800066        0x1 APP/app.o
                0x00800066                val
 .bss.cars_green
                0x00800067        0x1 ECUAL/TRAFFIC/traffic.o
                0x00800067                cars_green
 .bss.exit_flag
                0x00800068        0x1 MCAL/TIMER/timer0.o
                0x00800068                exit_flag
 *(COMMON)
 COMMON         0x00800069        0x3 ECUAL/TRAFFIC/traffic.o
                0x00800069                cars_mode
                0x0080006a                ret
                0x0080006b                reset_flag
                0x0080006c                PROVIDE (__bss_end, .)
                0x00000c6e                __data_load_start = LOADADDR (.data)
                0x00000c74                __data_load_end = (__data_load_start + SIZEOF (.data))

.noinit         0x0080006c        0x0
                [!provide]                PROVIDE (__noinit_start, .)
 *(.noinit*)
                [!provide]                PROVIDE (__noinit_end, .)
                0x0080006c                _end = .
                [!provide]                PROVIDE (__heap_start, .)

.eeprom         0x00810000        0x0
 *(.eeprom*)
                0x00810000                __eeprom_end = .

.fuse
 *(.fuse)
 *(.lfuse)
 *(.hfuse)
 *(.efuse)

.lock
 *(.lock*)

.signature
 *(.signature*)

.user_signatures
 *(.user_signatures*)

.stab
 *(.stab)

.stabstr
 *(.stabstr)

.stab.excl
 *(.stab.excl)

.stab.exclstr
 *(.stab.exclstr)

.stab.index
 *(.stab.index)

.stab.indexstr
 *(.stab.indexstr)

.comment        0x00000000       0x30
 *(.comment)
 .comment       0x00000000       0x30 APP/app.o
                                 0x31 (size before relaxing)
 .comment       0x00000030       0x31 ECUAL/LED/led.o
 .comment       0x00000030       0x31 ECUAL/TRAFFIC/traffic.o
 .comment       0x00000030       0x31 main.o
 .comment       0x00000030       0x31 MCAL/EXT_INT/ext_int.o
 .comment       0x00000030       0x31 MCAL/GPIO/hal_gpio.o
 .comment       0x00000030       0x31 MCAL/TIMER/timer0.o

.note.gnu.avr.deviceinfo
                0x00000000       0x3c
 .note.gnu.avr.deviceinfo
                0x00000000       0x3c C:/Program Files (x86)/Atmel/Studio/7.0/Packs/atmel/ATmega_DFP/1.7.374/gcc/dev/atmega32/avr5/crtatmega32.o

.note.gnu.build-id
 *(.note.gnu.build-id)

.debug
 *(.debug)

.line
 *(.line)

.debug_srcinfo
 *(.debug_srcinfo)

.debug_sfnames
 *(.debug_sfnames)

.debug_aranges  0x00000000      0x1f8
 *(.debug_aranges)
 .debug_aranges
                0x00000000       0x30 APP/app.o
 .debug_aranges
                0x00000030       0x38 ECUAL/LED/led.o
 .debug_aranges
                0x00000068       0x98 ECUAL/TRAFFIC/traffic.o
 .debug_aranges
                0x00000100       0x20 main.o
 .debug_aranges
                0x00000120       0x30 MCAL/EXT_INT/ext_int.o
 .debug_aranges
                0x00000150       0x60 MCAL/GPIO/hal_gpio.o
 .debug_aranges
                0x000001b0       0x48 MCAL/TIMER/timer0.o

.debug_pubnames
 *(.debug_pubnames)

.debug_info     0x00000000     0x1b5d
 *(.debug_info .gnu.linkonce.wi.*)
 .debug_info    0x00000000      0x4e6 C:/Program Files (x86)/Atmel/Studio/7.0/Packs/atmel/ATmega_DFP/1.7.374/gcc/dev/atmega32/avr5/crtatmega32.o
 .debug_info    0x000004e6      0x3b9 APP/app.o
 .debug_info    0x0000089f      0x30e ECUAL/LED/led.o
 .debug_info    0x00000bad      0x734 ECUAL/TRAFFIC/traffic.o
 .debug_info    0x000012e1       0xb4 main.o
 .debug_info    0x00001395      0x1f2 MCAL/EXT_INT/ext_int.o
 .debug_info    0x00001587      0x3f7 MCAL/GPIO/hal_gpio.o
 .debug_info    0x0000197e      0x1df MCAL/TIMER/timer0.o

.debug_abbrev   0x00000000      0xbdb
 *(.debug_abbrev)
 .debug_abbrev  0x00000000      0x4a3 C:/Program Files (x86)/Atmel/Studio/7.0/Packs/atmel/ATmega_DFP/1.7.374/gcc/dev/atmega32/avr5/crtatmega32.o
 .debug_abbrev  0x000004a3      0x13e APP/app.o
 .debug_abbrev  0x000005e1       0xfb ECUAL/LED/led.o
 .debug_abbrev  0x000006dc      0x148 ECUAL/TRAFFIC/traffic.o
 .debug_abbrev  0x00000824       0x65 main.o
 .debug_abbrev  0x00000889      0x101 MCAL/EXT_INT/ext_int.o
 .debug_abbrev  0x0000098a      0x132 MCAL/GPIO/hal_gpio.o
 .debug_abbrev  0x00000abc      0x11f MCAL/TIMER/timer0.o

.debug_line     0x00000000     0x11a2
 *(.debug_line .debug_line.* .debug_line_end)
 .debug_line    0x00000000      0x116 C:/Program Files (x86)/Atmel/Studio/7.0/Packs/atmel/ATmega_DFP/1.7.374/gcc/dev/atmega32/avr5/crtatmega32.o
 .debug_line    0x00000116      0x1c7 APP/app.o
 .debug_line    0x000002dd      0x165 ECUAL/LED/led.o
 .debug_line    0x00000442      0x38b ECUAL/TRAFFIC/traffic.o
 .debug_line    0x000007cd       0x5d main.o
 .debug_line    0x0000082a      0x1b0 MCAL/EXT_INT/ext_int.o
 .debug_line    0x000009da      0x64d MCAL/GPIO/hal_gpio.o
 .debug_line    0x00001027      0x17b MCAL/TIMER/timer0.o

.debug_frame    0x00000000      0x43c
 *(.debug_frame)
 .debug_frame   0x00000000       0x8c APP/app.o
 .debug_frame   0x0000008c       0x94 ECUAL/LED/led.o
 .debug_frame   0x00000120      0x124 ECUAL/TRAFFIC/traffic.o
 .debug_frame   0x00000244       0x24 main.o
 .debug_frame   0x00000268       0x64 MCAL/EXT_INT/ext_int.o
 .debug_frame   0x000002cc       0xb0 MCAL/GPIO/hal_gpio.o
 .debug_frame   0x0000037c       0xc0 MCAL/TIMER/timer0.o

.debug_str      0x00000000      0x73b
 *(.debug_str)
 .debug_str     0x00000000      0x196 C:/Program Files (x86)/Atmel/Studio/7.0/Packs/atmel/ATmega_DFP/1.7.374/gcc/dev/atmega32/avr5/crtatmega32.o
 .debug_str     0x00000196      0x2ae APP/app.o
                                0x2f7 (size before relaxing)
 .debug_str     0x00000444       0x86 ECUAL/LED/led.o
                                0x223 (size before relaxing)
 .debug_str     0x000004ca       0xb0 ECUAL/TRAFFIC/traffic.o
                                0x349 (size before relaxing)
 .debug_str     0x0000057a       0x11 main.o
                                0x18f (size before relaxing)
 .debug_str     0x0000058b       0x64 MCAL/EXT_INT/ext_int.o
                                0x226 (size before relaxing)
 .debug_str     0x000005ef       0xd1 MCAL/GPIO/hal_gpio.o
                                0x2b8 (size before relaxing)
 .debug_str     0x000006c0       0x7b MCAL/TIMER/timer0.o
                                0x214 (size before relaxing)

.debug_loc      0x00000000      0xd85
 *(.debug_loc)
 .debug_loc     0x00000000       0xf8 APP/app.o
 .debug_loc     0x000000f8      0x348 ECUAL/LED/led.o
 .debug_loc     0x00000440       0x82 ECUAL/TRAFFIC/traffic.o
 .debug_loc     0x000004c2      0x1ad MCAL/EXT_INT/ext_int.o
 .debug_loc     0x0000066f      0x55f MCAL/GPIO/hal_gpio.o
 .debug_loc     0x00000bce      0x1b7 MCAL/TIMER/timer0.o

.debug_macinfo
 *(.debug_macinfo)

.debug_weaknames
 *(.debug_weaknames)

.debug_funcnames
 *(.debug_funcnames)

.debug_typenames
 *(.debug_typenames)

.debug_varnames
 *(.debug_varnames)

.debug_pubtypes
 *(.debug_pubtypes)

.debug_ranges   0x00000000      0x188
 *(.debug_ranges)
 .debug_ranges  0x00000000       0x20 APP/app.o
 .debug_ranges  0x00000020       0x28 ECUAL/LED/led.o
 .debug_ranges  0x00000048       0x88 ECUAL/TRAFFIC/traffic.o
 .debug_ranges  0x000000d0       0x10 main.o
 .debug_ranges  0x000000e0       0x20 MCAL/EXT_INT/ext_int.o
 .debug_ranges  0x00000100       0x50 MCAL/GPIO/hal_gpio.o
 .debug_ranges  0x00000150       0x38 MCAL/TIMER/timer0.o

.debug_macro
 *(.debug_macro)
OUTPUT(On-demand-Traffic-Light-Control.elf elf32-avr)
LOAD linker stubs
